{
  "call_stack": [],
  "command": "run",
  "contract_version": "1.0.0-draft",
  "diagnostic": {
    "code": "RUFVM001",
    "column": 0,
    "file": null,
    "help": null,
    "line": 0,
    "message": "Capability denied: filesystem-write required for write_file; rerun with --allow-fs-write",
    "severity": "error",
    "subsystem": "vm"
  },
  "exit_code": 4,
  "kind": "runtime_diagnostic",
  "runtime_kind": "Runtime Error",
  "status": "error"
}
