{
  "call_stack": [],
  "command": "run",
  "contract_version": "1.0.0-draft",
  "diagnostic": {
    "code": "RUFVM001",
    "column": 0,
    "file": null,
    "help": null,
    "line": 0,
    "message": "Module not found: missing_module; Check that 'missing_module' exists as a flat <module>.ruff file or a nested src/... path under the package root, and confirm the import name matches the on-disk layout.",
    "severity": "error",
    "subsystem": "vm"
  },
  "exit_code": 4,
  "kind": "runtime_diagnostic",
  "runtime_kind": "Runtime Error",
  "status": "error"
}
